chech@Sergios-Laptop MINGW64 ~/IHLABS/Week_1/Day_1/Morning/lab-bash (master)
$ echo "Hello World"
Hello World

chech@Sergios-Laptop MINGW64 ~/IHLABS/Week_1/Day_1/Morning/lab-bash (master)
$ mkdir new_dir

chech@Sergios-Laptop MINGW64 ~/IHLABS/Week_1/Day_1/Morning/lab-bash (master)
$ ls
exercices/  inputs/  lorem/  lorem-copy/  new_dir/  outputs/  readme.md

chech@Sergios-Laptop MINGW64 ~/IHLABS/Week_1/Day_1/Morning/lab-bash (master)
$ rm -r new_dir

chech@Sergios-Laptop MINGW64 ~/IHLABS/Week_1/Day_1/Morning/lab-bash (master)
$ ls
exercices/  inputs/  lorem/  lorem-copy/  outputs/  readme.md

chech@Sergios-Laptop MINGW64 ~/IHLABS/Week_1/Day_1/Morning/lab-bash (master)
$ cp lorem/sed.txt lorem-copy/

chech@Sergios-Laptop MINGW64 ~/IHLABS/Week_1/Day_1/Morning/lab-bash (master)
$ ls lorem-copy
dummy_file.txt  sed.txt

chech@Sergios-Laptop MINGW64 ~/IHLABS/Week_1/Day_1/Morning/lab-bash (master)
$ cp lorem/at.txt lorem-copy/ ; cp lorem/lorem.txt lorem-copy/

chech@Sergios-Laptop MINGW64 ~/IHLABS/Week_1/Day_1/Morning/lab-bash (master)
$ ls lorem-copy
at.txt  dummy_file.txt  lorem.txt  sed.txt

chech@Sergios-Laptop MINGW64 ~/IHLABS/Week_1/Day_1/Morning/lab-bash (master)
$ cat lorem/sed.txt
Sed ut perspiciatis unde omnis iste natus error sit voluptatem accusantium doloremque laudantium,
totam rem aperiam, eaque ipsa quae ab illo inventore veritatis et quasi architecto beatae vitae dicta sunt explicabo.
Nemo enim ipsam voluptatem quia voluptas sit aspernatur aut odit aut fugit,
sed quia consequuntur magni dolores eos qui ratione voluptatem sequi nesciunt.
Neque porro quisquam est, qui dolorem ipsum quia dolor sit amet, consectetur, adipisci velit,
sed quia non numquam eius modi tempora incidunt ut labore et dolore magnam aliquam quaerat voluptatem.
Ut enim ad minima veniam, quis nostrum exercitationem ullam corporis suscipit laboriosam,
nisi ut aliquid ex ea commodi consequatur? Quis autem vel eum iure reprehenderit qui in ea voluptate velit esse quam nihil molestiae consequatur,
vel illum qui dolorem eum fugiat quo voluptas nulla pariatur?Homo homini lupus


chech@Sergios-Laptop MINGW64 ~/IHLABS/Week_1/Day_1/Morning/lab-bash (master)
$ cat lorem/at.txt ; cat lorem/lorem.txt
At vero eos ET accusamus ET iusto odio dignissimos ducimus qui blanditiis praesentium voluptatum
deleniti atque corrupti quos dolores ET quas molestias excepturi sint occaecati cupiditate non
provident, similique sunt in culpa qui officia deserunt mollitia animi, id est laborum ET dolorum fuga.
Et harum quidem rerum facilis est ET expedita distinctio.
Nam libero tempore, cum soluta nobis est eligendi optio cumque nihil impedit quo minus id quod
maxime placeat facere possimus, omnis voluptas assumenda est, omnis dolor repellendus.
Temporibus autem quibusdam ET aut officiis debitis aut rerum necessitatibus saepe eveniET
ut ET voluptates repudiandae sint ET molestiae non recusandae.
Itaque earum rerum hic tenETur a sapiente delectus, ut aut reiciendis voluptatibus maiores
alias consequatur aut perferendis doloribus asperiores repellat
Lorem ipsum dolor sit amet, consectetur adipiscing elit, sed do eiusmod tempor incididunt ut labore et dolore magna aliqua.
Ut enim ad minim veniam, quis nostrud exercitation ullamco laboris nisi ut aliquip ex ea commodo consequat.
Duis aute irure dolor in reprehenderit in voluptate velit esse cillum dolore eu fugiat nulla pariatur.
Excepteur sint occaecat cupidatat non proident, sunt in culpa qui officia deserunt mollit anim id est laborum.

chech@Sergios-Laptop MINGW64 ~/IHLABS/Week_1/Day_1/Morning/lab-bash (master)
$ head -3 lorem-copy/sed.txt
Sed ut perspiciatis unde omnis iste natus error sit voluptatem accusantium doloremque laudantium,
totam rem aperiam, eaque ipsa quae ab illo inventore veritatis et quasi architecto beatae vitae dicta sunt explicabo.
Nemo enim ipsam voluptatem quia voluptas sit aspernatur aut odit aut fugit,

chech@Sergios-Laptop MINGW64 ~/IHLABS/Week_1/Day_1/Morning/lab-bash (master)
$ tail -3 lorem-copy/sed.txt
Ut enim ad minima veniam, quis nostrum exercitationem ullam corporis suscipit laboriosam,
nisi ut aliquid ex ea commodi consequatur? Quis autem vel eum iure reprehenderit qui in ea voluptate velit esse quam nihil molestiae consequatur,
vel illum qui dolorem eum fugiat quo voluptas nulla pariatur?Homo homini lupus

chech@Sergios-Laptop MINGW64 ~/IHLABS/Week_1/Day_1/Morning/lab-bash (master)
$ echo "Homo homini lupus." >> lorem-copy/sed.txt

chech@Sergios-Laptop MINGW64 ~/IHLABS/Week_1/Day_1/Morning/lab-bash (master)
$ tail -3 lorem-copy/sed.txt
nisi ut aliquid ex ea commodi consequatur? Quis autem vel eum iure reprehenderit qui in ea voluptate velit esse quam nihil molestiae consequatur,
vel illum qui dolorem eum fugiat quo voluptas nulla pariatur?Homo homini lupus
Homo homini lupus.

chech@Sergios-Laptop MINGW64 ~/IHLABS/Week_1/Day_1/Morning/lab-bash (master)
$ sed 'i/et/ET/g' lorem/at.txt
/et/ET/g
At vero eos ET accusamus ET iusto odio dignissimos ducimus qui blanditiis praesentium voluptatum
/et/ET/g
deleniti atque corrupti quos dolores ET quas molestias excepturi sint occaecati cupiditate non
/et/ET/g
provident, similique sunt in culpa qui officia deserunt mollitia animi, id est laborum ET dolorum fuga.
/et/ET/g
Et harum quidem rerum facilis est ET expedita distinctio.
/et/ET/g
Nam libero tempore, cum soluta nobis est eligendi optio cumque nihil impedit quo minus id quod
/et/ET/g
maxime placeat facere possimus, omnis voluptas assumenda est, omnis dolor repellendus.
/et/ET/g
Temporibus autem quibusdam ET aut officiis debitis aut rerum necessitatibus saepe eveniET
/et/ET/g
ut ET voluptates repudiandae sint ET molestiae non recusandae.
/et/ET/g
Itaque earum rerum hic tenETur a sapiente delectus, ut aut reiciendis voluptatibus maiores
/et/ET/g
alias consequatur aut perferendis doloribus asperiores repellat

chech@Sergios-Laptop MINGW64 ~/IHLABS/Week_1/Day_1/Morning/lab-bash (master)
$ cat lorem/at.txt
At vero eos ET accusamus ET iusto odio dignissimos ducimus qui blanditiis praesentium voluptatum
deleniti atque corrupti quos dolores ET quas molestias excepturi sint occaecati cupiditate non
provident, similique sunt in culpa qui officia deserunt mollitia animi, id est laborum ET dolorum fuga.
Et harum quidem rerum facilis est ET expedita distinctio.
Nam libero tempore, cum soluta nobis est eligendi optio cumque nihil impedit quo minus id quod
maxime placeat facere possimus, omnis voluptas assumenda est, omnis dolor repellendus.
Temporibus autem quibusdam ET aut officiis debitis aut rerum necessitatibus saepe eveniET
ut ET voluptates repudiandae sint ET molestiae non recusandae.
Itaque earum rerum hic tenETur a sapiente delectus, ut aut reiciendis voluptatibus maiores
alias consequatur aut perferendis doloribus asperiores repellat

chech@Sergios-Laptop MINGW64 ~/IHLABS/Week_1/Day_1/Morning/lab-bash (master)
$ whoami
chech

chech@Sergios-Laptop MINGW64 ~/IHLABS/Week_1/Day_1/Morning/lab-bash (master)
$ pwd
/c/Users/chech/IHLABS/Week_1/Day_1/Morning/lab-bash

chech@Sergios-Laptop MINGW64 ~/IHLABS/Week_1/Day_1/Morning/lab-bash (master)
$ ls lorem/*.txt
lorem/at.txt  lorem/lorem.txt  lorem/sed.txt

chech@Sergios-Laptop MINGW64 ~/IHLABS/Week_1/Day_1/Morning/lab-bash (master)
$ cat lorem/sed.txt | wc -l
9

chech@Sergios-Laptop MINGW64 ~/IHLABS
$ find . -name "lorem*" -type f | wc -l
2

chech@Sergios-Laptop MINGW64 ~/IHLABS/Week_1/Day_1/Morning/lab-bash (master)
$ read -p "Enter your name: " name
Enter your name: Sergio

chech@Sergios-Laptop MINGW64 ~/IHLABS/Week_1/Day_1/Morning/lab-bash (master)
$ echo "$name"
Sergio

chech@Sergios-Laptop MINGW64 ~/IHLABS/Week_1/Day_1/Morning/lab-bash (master)
$ mkdir "$name"

chech@Sergios-Laptop MINGW64 ~/IHLABS/Week_1/Day_1/Morning/lab-bash (master)
$ ls
Sergio/  exercices/  inputs/  lorem/  lorem-copy/  outputs/  readme.md

chech@Sergios-Laptop MINGW64 ~/IHLABS/Week_1/Day_1/Morning/lab-bash (master)
$ rmdir "$name"

chech@Sergios-Laptop MINGW64 ~/IHLABS/Week_1/Day_1/Morning/lab-bash (master)
$ ls
exercices/  inputs/  lorem/  lorem-copy/  outputs/  readme.md

